// Jest Snapshot v1, https://goo.gl/fbAQLP

exports[`<Demo /> tests should render 1`] = `
<div
  className="demo"
>
   React + Redux Boilerplate 
</div>
`;
